// Jest Snapshot v1, https://goo.gl/fbAQLP

exports[`ProductCarousel Snapshot Tests Renders the ProductCarousel Correctly 1`] = `
<div
  className="ProductCarousel"
>
  <div
    className="CarouselList"
  >
    <button
      className="backBtn"
      disabled={true}
      onClick={[Function]}
    >
      Back
    </button>
    <div
      className="CarouselSlider"
    >
      <div
        className="CarouselTrack"
        style={
          Object {
            "transform": "translate3d(0px, 0px, 0px)",
            "transition": "transform 500ms ease-in-out",
            "width": "NaNpx",
          }
        }
      >
        <div
          className="CarouselItem"
          style={
            Object {
              "width": "NaNpx",
            }
          }
        >
          <div
            className="ProductCard"
          >
            <img
              alt="Product 1"
              src="https://encrypted-tbn0.gstatic.com/images?q=tbn%3AANd9GcQoW07vtqK4oFr1gVi7dULROdDjAFU9r6FZwlFo7CM3pYfEDV9-"
            />
          </div>
        </div>
        <div
          className="CarouselItem"
          style={
            Object {
              "width": "NaNpx",
            }
          }
        >
          <div
            className="ProductCard"
          >
            <img
              alt="Product 2"
              src="https://encrypted-tbn0.gstatic.com/images?q=tbn%3AANd9GcQoW07vtqK4oFr1gVi7dULROdDjAFU9r6FZwlFo7CM3pYfEDV9-"
            />
          </div>
        </div>
        <div
          className="CarouselItem"
          style={
            Object {
              "width": "NaNpx",
            }
          }
        >
          <div
            className="ProductCard"
          >
            <img
              alt="Product 3"
              src="https://encrypted-tbn0.gstatic.com/images?q=tbn%3AANd9GcQoW07vtqK4oFr1gVi7dULROdDjAFU9r6FZwlFo7CM3pYfEDV9-"
            />
          </div>
        </div>
        <div
          className="CarouselItem"
          style={
            Object {
              "width": "NaNpx",
            }
          }
        >
          <div
            className="ProductCard"
          >
            <img
              alt="Product 4"
              src="https://encrypted-tbn0.gstatic.com/images?q=tbn%3AANd9GcQoW07vtqK4oFr1gVi7dULROdDjAFU9r6FZwlFo7CM3pYfEDV9-"
            />
          </div>
        </div>
        <div
          className="CarouselItem"
          style={
            Object {
              "width": "NaNpx",
            }
          }
        >
          <div
            className="ProductCard"
          >
            <img
              alt="Product 5"
              src="https://encrypted-tbn0.gstatic.com/images?q=tbn%3AANd9GcQoW07vtqK4oFr1gVi7dULROdDjAFU9r6FZwlFo7CM3pYfEDV9-"
            />
          </div>
        </div>
        <div
          className="CarouselItem"
          style={
            Object {
              "width": "NaNpx",
            }
          }
        >
          <div
            className="ProductCard"
          >
            <img
              alt="Product 6"
              src="https://encrypted-tbn0.gstatic.com/images?q=tbn%3AANd9GcQoW07vtqK4oFr1gVi7dULROdDjAFU9r6FZwlFo7CM3pYfEDV9-"
            />
          </div>
        </div>
        <div
          className="CarouselItem"
          style={
            Object {
              "width": "NaNpx",
            }
          }
        >
          <div
            className="ProductCard"
          >
            <img
              alt="Product 7"
              src="https://encrypted-tbn0.gstatic.com/images?q=tbn%3AANd9GcQoW07vtqK4oFr1gVi7dULROdDjAFU9r6FZwlFo7CM3pYfEDV9-"
            />
          </div>
        </div>
        <div
          className="CarouselItem"
          style={
            Object {
              "width": "NaNpx",
            }
          }
        >
          <div
            className="ProductCard"
          >
            <img
              alt="Product 8"
              src="https://encrypted-tbn0.gstatic.com/images?q=tbn%3AANd9GcQoW07vtqK4oFr1gVi7dULROdDjAFU9r6FZwlFo7CM3pYfEDV9-"
            />
          </div>
        </div>
        <div
          className="CarouselItem"
          style={
            Object {
              "width": "NaNpx",
            }
          }
        >
          <div
            className="ProductCard"
          >
            <img
              alt="Product 9"
              src="https://encrypted-tbn0.gstatic.com/images?q=tbn%3AANd9GcQoW07vtqK4oFr1gVi7dULROdDjAFU9r6FZwlFo7CM3pYfEDV9-"
            />
          </div>
        </div>
        <div
          className="CarouselItem"
          style={
            Object {
              "width": "NaNpx",
            }
          }
        >
          <div
            className="ProductCard"
          >
            <img
              alt="Product 10"
              src="https://encrypted-tbn0.gstatic.com/images?q=tbn%3AANd9GcQoW07vtqK4oFr1gVi7dULROdDjAFU9r6FZwlFo7CM3pYfEDV9-"
            />
          </div>
        </div>
      </div>
    </div>
    <button
      className="nextBtn"
      disabled={false}
      onClick={[Function]}
    >
      Next
    </button>
  </div>
</div>
`;